Resolving dependencies...
Downloading packages...
  _fe_analyzer_shared 67.0.0 (100.0.0 available)
  analyzer 6.4.1 (13.0.0 available)
  app_links 6.4.1 (7.1.1 available)
  async 2.13.0 (2.13.1 available)
  build 2.4.1 (4.0.6 available)
  build_config 1.1.2 (1.3.0 available)
  build_resolvers 2.4.2 (3.0.4 available)
  build_runner 2.4.13 (2.15.0 available)
  build_runner_core 7.3.2 (9.3.2 available)
  built_value 8.12.4 (8.12.6 available)
  code_assets 1.0.0 (1.2.1 available)
  cupertino_icons 1.0.8 (1.0.9 available)
  dart_jsonwebtoken 3.3.1 (3.4.1 available)
  dart_style 2.3.6 (3.1.9 available)
  dbus 0.7.12 (0.7.13 available)
  dio 5.9.1 (5.9.2 available)
  dio_web_adapter 2.1.1 (2.1.2 available)
  file_picker 10.3.10 (11.0.2 available)
  flutter_local_notifications 20.1.0 (21.0.0 available)
  flutter_local_notifications_linux 7.0.0 (8.0.0 available)
  flutter_local_notifications_platform_interface 10.0.0 (11.0.0 available)
  flutter_local_notifications_windows 2.0.1 (3.0.0 available)
  flutter_plugin_android_lifecycle 2.0.33 (2.0.35 available)
  flutter_svg 2.2.3 (2.3.0 available)
  google_fonts 8.0.2 (8.1.0 available)
  gotrue 2.18.0 (2.20.0 available)
  gtk 2.1.0 (2.2.0 available)
  hooks 1.0.1 (2.0.2 available)
  json_annotation 4.11.0 (4.12.0 available)
  lottie 3.3.2 (3.3.3 available)
  matcher 0.12.18 (0.12.20 available)
  meta 1.17.0 (1.18.2 available)
  native_toolchain_c 0.17.4 (0.19.1 available)
  objective_c 9.3.0 (9.4.1 available)
  path_provider_android 2.2.22 (2.3.1 available)
  posix 6.0.3 (6.5.0 available)
  postgrest 2.6.0 (2.7.0 available)
  realtime_client 2.7.0 (2.7.3 available)
  share_plus 10.1.4 (13.1.0 available)
  share_plus_platform_interface 5.0.2 (7.1.0 available)
  shared_preferences 2.5.4 (2.5.5 available)
  shared_preferences_android 2.4.20 (2.4.25 available)
  shared_preferences_platform_interface 2.4.1 (2.4.2 available)
  shelf_web_socket 2.0.1 (3.0.0 available)
  source_gen 1.5.0 (4.2.3 available)
  source_helper 1.3.5 (1.3.12 available)
  sqflite 2.4.2 (2.4.3 available)
  sqflite_android 2.4.2+2 (2.4.3 available)
  sqflite_common 2.5.6 (2.5.9 available)
  sqflite_darwin 2.4.2 (2.4.3 available)
  sqflite_platform_interface 2.4.0 (2.4.1 available)
  storage_client 2.4.1 (2.5.2 available)
  supabase 2.10.2 (2.10.6 available)
  supabase_flutter 2.12.0 (2.12.4 available)
  synchronized 3.4.0 (3.4.1 available)
  test_api 0.7.9 (0.7.12 available)
  timezone 0.10.1 (0.11.0 available)
  toastification 3.0.3 (3.2.0 available)
  url_launcher_android 6.3.28 (6.3.32 available)
  url_launcher_web 2.4.2 (2.4.3 available)
  uuid 4.5.2 (4.5.3 available)
  vector_graphics 1.1.19 (1.2.2 available)
  vector_graphics_compiler 1.2.0 (1.2.5 available)
  vector_math 2.2.0 (2.3.0 available)
  vm_service 15.0.2 (15.2.0 available)
  win32 5.15.0 (6.3.0 available)
  xml 6.6.1 (7.0.1 available)
Got dependencies!
67 packages have newer versions incompatible with dependency constraints.
Try `flutter pub outdated` for more information.
Launching lib/main.dart on Web Server in debug mode...
Waiting for connection from debug service on Web Server...         69.3s
lib/main.dart is being served at http://localhost:8080
The web-server device requires the Dart Debug Chrome extension for debugging. Consider using the Chrome or Edge devices for an improved development workflow.

Flutter run key commands.
r Hot reload. 🔥🔥🔥
R Hot restart.
h List all available interactive commands.
d Detach (terminate "flutter run" but leave application running).
c Clear the screen
q Quit (terminate the application on the device).

Debug service listening on ws://127.0.0.1:34575/ih2W10nIrfo=/ws
A Dart VM Service on Web Server is available at: http://127.0.0.1:34575/ih2W10nIrfo=
The Flutter DevTools debugger and profiler on Web Server is available at: http://127.0.0.1:34575/ih2W10nIrfo=/devtools/?uri=ws://127.0.0.1:34575/ih2W10nIrfo=/ws
